------------------------------------------------------------
TimeQuest Timing Analyzer Summary
------------------------------------------------------------

Type  : Slow 1100mV 85C Model Setup 'clock'
Slack : -102.811
TNS   : -23644.593

Type  : Slow 1100mV 85C Model Hold 'clock'
Slack : 0.315
TNS   : 0.000

Type  : Slow 1100mV 85C Model Minimum Pulse Width 'clock'
Slack : -0.724
TNS   : -285.179

Type  : Slow 1100mV 0C Model Setup 'clock'
Slack : -106.969
TNS   : -24575.912

Type  : Slow 1100mV 0C Model Hold 'clock'
Slack : 0.299
TNS   : 0.000

Type  : Slow 1100mV 0C Model Minimum Pulse Width 'clock'
Slack : -0.724
TNS   : -285.900

Type  : Fast 1100mV 85C Model Setup 'clock'
Slack : -44.608
TNS   : -10251.844

Type  : Fast 1100mV 85C Model Hold 'clock'
Slack : 0.136
TNS   : 0.000

Type  : Fast 1100mV 85C Model Minimum Pulse Width 'clock'
Slack : -0.087
TNS   : -20.083

Type  : Fast 1100mV 0C Model Setup 'clock'
Slack : -41.470
TNS   : -9522.802

Type  : Fast 1100mV 0C Model Hold 'clock'
Slack : 0.126
TNS   : 0.000

Type  : Fast 1100mV 0C Model Minimum Pulse Width 'clock'
Slack : -0.086
TNS   : -20.450

------------------------------------------------------------
